cargo : warning: unused imports: `egui_pos_to_point` and `egui_rect_to_bounds`
At line:1 char:1
+ cargo test > test_output.txt 2>&1
+ ~~~~~~~~~~~~~~~~~~~~~~~~~~~~~~~~~
    + CategoryInfo          : NotSpecified: (warning: unused...rect_to_bounds`:String) [], RemoteExc 
   eption
    + FullyQualifiedErrorId : NativeCommandError
 
  --> src\ui\mod.rs:13:36
   |
13 | use crate::render::garden_bridge::{egui_pos_to_point, egui_rect_to_bounds};
   |                                    ^^^^^^^^^^^^^^^^^  ^^^^^^^^^^^^^^^^^^^
   |
   = note: `#[warn(unused_imports)]` (part of `#[warn(unused)]`) on by default

warning: variable does not need to be mutable
   --> src\models.rs:377:13
    |
377 |         let mut success_faces = (21 - target_roll).clamp(1, 19);
    |             ----^^^^^^^^^^^^^
    |             |
    |             help: remove this `mut`
    |
    = note: `#[warn(unused_mut)]` (part of `#[warn(unused)]`) on by default

warning: variable does not need to be mutable
   --> src\persistence.rs:203:13
    |
203 |         let mut new_pool = crate::world_map::generate_static_missions(&mut rng);
    |             ----^^^^^^^^
    |             |
    |             help: remove this `mut`

warning: constant `FAILURE_INJURY` is never used
  --> src\log_engine.rs:76:7
   |
76 | const FAILURE_INJURY: &[&str] = &[
   |       ^^^^^^^^^^^^^^
   |
   = note: `#[warn(dead_code)]` (part of `#[warn(unused)]`) on by default

warning: constant `CRITICAL_LINES` is never used
  --> src\log_engine.rs:84:7
   |
84 | const CRITICAL_LINES: &[&str] = &[
   |       ^^^^^^^^^^^^^^

warning: method `render_cargo` is never used
 --> src\ui\cargo.rs:6:19
  |
5 | impl OperatorApp {
  | ---------------- method in this implementation
6 |     pub(crate) fn render_cargo(&mut self, ui: &mut egui::Ui) {
  |                   ^^^^^^^^^^^^

warning: unused imports: `AarOutcome` and `Operator`
 --> src\ui\f1b_loop_tests.rs:4:21
  |
4 | use crate::models::{AarOutcome, LogOutcome, Operator, SlimeState};
  |                     ^^^^^^^^^^              ^^^^^^^^

warning: variable does not need to be mutable
    --> src\models.rs:1118:13
     |
1118 |         let mut id1 = roster[0].id();
     |             ----^^^
     |             |
     |             help: remove this `mut`

warning: variable does not need to be mutable
    --> src\models.rs:1119:13
     |
1119 |         let mut id2 = roster[1].id();
     |             ----^^^
     |             |
     |             help: remove this `mut`

warning: variable does not need to be mutable
    --> src\models.rs:1120:13
     |
1120 |         let mut id3 = roster[2].id();
     |             ----^^^
     |             |
     |             help: remove this `mut`

warning: unused variable: `squad`
    --> src\models.rs:1110:13
     |
1110 |         let squad = vec![id1, id2, id3];
     |             ^^^^^ help: if this is intentional, prefix it with an underscore: `_squad`
     |
     = note: `#[warn(unused_variables)]` (part of `#[warn(unused)]`) on by default

warning: unused variable: `outcome`
    --> src\models.rs:1183:13
     |
1183 | ...   let outcome = AarOutcome::Victory { reward: 100, success_chance: 1.0, rolls: vec![], ...
     |           ^^^^^^^ help: if this is intentional, prefix it with an underscore: `_outcome`

warning: `operator` (lib) generated 6 warnings (run `cargo fix --lib -p operator` to apply 3 
suggestions)
warning: `operator` (lib test) generated 12 warnings (6 duplicates) (run `cargo fix --lib -p 
operator --tests` to apply 6 suggestions)
warning: unused import: `eframe::egui`
 --> tests\geometry_integration.rs:3:5
  |
3 | use eframe::egui;
  |     ^^^^^^^^^^^^
  |
  = note: `#[warn(unused_imports)]` (part of `#[warn(unused)]`) on by default

warning: unused import: `SHYNESS_RADIUS`
  --> tests\geometry_integration.rs:87:36
   |
87 |     use operator::garden::{Garden, SHYNESS_RADIUS};
   |                                    ^^^^^^^^^^^^^^

warning: unused import: `CURIOUS_RADIUS`
   --> tests\geometry_integration.rs:112:36
    |
112 |     use operator::garden::{Garden, CURIOUS_RADIUS, SHYNESS_RADIUS};
    |                                    ^^^^^^^^^^^^^^

warning: unused import: `FRICTION`
   --> tests\geometry_integration.rs:138:36
    |
138 |     use operator::garden::{Garden, FRICTION};
    |                                    ^^^^^^^^

warning: unused variable: `norm`
  --> tests\geometry_integration.rs:31:9
   |
31 |     let norm = Point::new(p.x / mag, p.y / mag); // Manual check against logic
   |         ^^^^ help: if this is intentional, prefix it with an underscore: `_norm`
   |
   = note: `#[warn(unused_variables)]` (part of `#[warn(unused)]`) on by default

warning: variable does not need to be mutable
  --> tests\g1_stability.rs:86:9
   |
86 |     let mut m = Mission::new("Test", MissionTier::Standard, 10, 1, 10, 10, 10, 0.5, 60, 100, ...
   |         ----^
   |         |
   |         help: remove this `mut`
   |
   = note: `#[warn(unused_mut)]` (part of `#[warn(unused)]`) on by default

warning: variable does not need to be mutable
   --> tests\g1_stability.rs:122:9
    |
122 |     let mut m = Mission::new("T3 Test", MissionTier::Elite, 20, 1, 100, 100, 100, 0.5, 3600,...
    |         ----^
    |         |
    |         help: remove this `mut`

warning: `operator` (test "geometry_integration") generated 5 warnings (run `cargo fix --test 
"geometry_integration" -p operator` to apply 5 suggestions)
warning: `operator` (test "g1_stability") generated 2 warnings (run `cargo fix --test "g1_stability" 
-p operator` to apply 2 suggestions)
    Finished `test` profile [unoptimized + debuginfo] target(s) in 0.31s
     Running unittests src\lib.rs (target\debug\deps\operator-b4414b9465537658.exe)

running 163 tests
test combat::tests::nat_twenty_always_succeeds ... ok
test combat::tests::culture_zone_matching_gives_advantage ... ok
test combat::tests::next_turn_cycles_through_queue ... ok
test combat::tests::test_culture_zone_mode_adjacent_advantage ... ok
test combat::tests::nat_one_always_fails ... ok
test combat::tests::advantage_beats_normal_on_average ... ok
test combat::tests::culture_zone_opposite_gives_disadvantage ... ok
test combat::tests::dc_from_f64_boundaries ... ok
test combat::tests::disadvantage_less_than_normal_on_average ... ok
test combat::tests::culture_zone_adjacent_gives_advantage ... ok
test combat::tests::remove_combatant_shrinks_queue ... ok
test combat::tests::stance_mindless_flees_below_25_pct ... ok
test combat::tests::next_turn_returns_none_on_empty ... ok
test combat::tests::reset_clears_queue ... ok
test combat::tests::stance_tactical_defends_at_50_pct ... ok
test combat::tests::modifier_from_coverage_correct ... ok
test combat::tests::test_culture_zone_mode_near_opposite_disadvantage ... ok
test combat::tests::test_detect_trinity_inner_loop ... ok
test combat::tests::test_detect_trinity_none ... ok
test combat::tests::test_detect_trinity_outer_loop ... ok
test combat::tests::test_detect_trinity_triple_loop ... ok
test combat::tests::test_get_rps_modifier_ember_beats_marsh ... ok
test combat::tests::test_get_rps_modifier_marsh_beats_ember ... ok
test combat::tests::test_get_rps_modifier_outer_resists_inner ... ok
test combat::tests::test_get_rps_modifier_void_always_neutral ... ok
test combat::tests::test_is_adjacent_ember_crystal_false ... ok
test combat::tests::test_is_adjacent_ember_tide_true ... ok
test combat::tests::test_is_adjacent_wraps_frost_ember_true ... ok
test combat::tests::test_is_near_opposite_ember_crystal_true ... ok
test combat::tests::test_is_near_opposite_void_returns_false ... ok
test combat::tests::turn_order_sorts_by_speed_descending ... ok
test combat::tests::void_culture_always_normal ... ok
test combat::tests::test_is_near_opposite_ember_teal_true ... ok
test dice::tests::crit_flag_set_on_max_value ... ok
test dice::tests::dice_engine_total_is_sum_of_results ... ok
test dice::tests::fumble_flag_set_on_one ... ok
test dice::tests::display_equals_result_after_landing ... ok
test dice::tests::ease_bounce_starts_near_zero_ends_near_one ... ok
test dice::tests::full_animation_cycle_reaches_idle ... ok
test dice::tests::roll_starts_fast_phase ... ok
test dice::tests::stutter_seq_ends_with_result ... ok
test dice::tests::stutter_seq_length_is_stutter_frames ... ok
test dungeon::tests::depth1_last_zone_is_boss ... ok
test dungeon::tests::depth1_track_has_three_nodes ... ok
test dungeon::tests::depth3_track_has_five_nodes ... ok
test dice::tests::result_in_valid_range ... ok
test dungeon::tests::entering_combat_zone_pauses_party ... ok
test dungeon::tests::path_complete_event_fires ... ok
test dungeon::tests::progress_is_clamped_0_to_1 ... ok
test dungeon::tests::resume_unpauses_party ... ok
test dungeon::tests::tick_advances_party_when_unpaused ... ok
test dungeon::tests::zones_do_not_overlap ... ok
test garden::tests::agent_spawns_within_rect ... ok
test garden::tests::click_hit_selects_agent ... ok
test garden::tests::click_miss_deselects ... ok
test garden::tests::mood_playful_when_high_affection ... ok
test garden::tests::garden_from_genomes_populates_all ... ok
test garden::tests::mood_shy_when_high_shyness ... ok
test garden::tests::mood_sleepy_when_low_energy ... ok
test genetics::tests::test_culture_alleles_blooded_ember_dominant_1_0 ... ok
test genetics::tests::test_culture_alleles_new_zeroes_recessive ... ok
test garden::tests::tick_keeps_agent_in_bounds ... ok
test genetics::tests::test_breed_basic ... ok
test genetics::tests::test_culture_alleles_normalise_sums_to_1 ... ok
test genetics::tests::test_culture_display_color_below_threshold_excluded ... ok
test genetics::tests::test_culture_display_color_blooded_ember_is_red ... ok
test genetics::tests::test_culture_display_color_blooded_marsh_is_yellow ... ok
test genetics::tests::test_culture_display_color_void_fallback_is_grey ... ok
test genetics::tests::test_culture_expression_nine_slots_normalize ... ok
test genetics::tests::test_culture_display_color_void_white ... ok
test genetics::tests::test_culture_expression_void_all_equal ... ok
test genetics::tests::test_genetic_tier_blooded ... ok
test genetics::tests::test_genetic_tier_bordered ... ok
test genetics::tests::test_genetic_tier_sundered ... ok
test genetics::tests::test_genetic_tier_sundered_near_opposite ... ok
test genetics::tests::test_genetic_tier_void ... ok
test genetics::tests::test_genetic_tier_void_eight_active ... ok
test genetics::tests::test_is_near_opposite_all_nine_pairs_symmetric ... ok
test genetics::tests::test_life_stage_gates ... ok
test genetics::tests::test_race_stats_massive_vs_tiny ... ok
test genetics::tests::test_refine_culture_increases_target_dominant ... ok
test genetics::tests::test_refine_culture_void_returns_false ... ok
test genetics::tests::test_resolve_culture_blooded_parents_dominant_preserved ... ok
test genetics::tests::test_resolve_culture_reemergence_blocked_below_threshold ... ok
test genetics::tests::test_resolve_culture_reemergence_fires_above_threshold ... ok
test genetics::tests::test_resolve_culture_result_normalised ... ok
test genetics::tests::test_spectrum_segments_empty ... ok
test genetics::tests::test_spectrum_segments_renormalize ... ok
test genetics::tests::test_stat_ratchet_never_exceeds_cap ... ok
test genetics::tests::test_tier_label_strings ... ok
test genetics::tests::test_xp_curve ... ok
test geometry::tests::test_bounds_center ... ok
test geometry::tests::test_bounds_contains ... ok
test geometry::tests::test_point_add ... ok
test geometry::tests::test_point_distance ... ok
test log_engine::tests::test_format_log_entry_structure ... ok
test log_engine::tests::test_mission_type_classification ... ok
test log_engine::tests::test_narrative_returns_non_empty ... ok
test models::tests::test_apply_outcome_injuries_crit_fail_squad_cap ... ok
test models::tests::test_apply_outcome_injuries_failure_10_percent_chance ... ok
test models::tests::test_apply_outcome_injuries_roster_guard_prevents_zero_available ... ok
test models::tests::test_apply_outcome_injuries_victory_no_injury ... ok
test models::tests::test_cargo_apply_increments_inventory ... ok
test models::tests::test_deployment_is_complete_past ... ok
test models::tests::test_deployment_is_complete_future ... ok
test models::tests::test_deployment_resolve_emergency_penalty ... ok
test models::tests::test_expedition_complete_past ... ok
test models::tests::test_expedition_complete_future ... ok
test models::tests::test_expedition_resolve_crit_injures_slime ... ok
test models::tests::test_expedition_resolve_success_yields_resources ... ok
test models::tests::test_expedition_launch_sets_returns_at ... ok
test models::tests::test_is_available_cooldown ... ok
test models::tests::test_mission_affinity_bonus ... ok
test models::tests::test_mission_xp_award_and_level_up ... ok
test models::tests::test_resolve_d20_victory_with_slime ... ok
test models::tests::test_resolve_rolls_has_three_entries ... ok
test models::tests::test_resource_yield_scaled_halved ... ok
test persistence::tests::test_apply_daily_upkeep_debt_floor ... ok
test persistence::tests::test_mission_pool_refresh_logic ... ok
test persistence::tests::test_load_returns_fresh_when_absent ... ok
test platform::tests::android_default_has_nonzero_bottom ... ok
test persistence::tests::test_mission_pool_seed_determinism ... ok
test platform::tests::apply_shrinks_rect_correctly ... ok
test platform::tests::desktop_default_is_zero ... ok
test platform::tests::layout_calculator_column_rects_cover_width ... ok
test platform::tests::test_asset_provider_stub_returns_err ... ok
test platform::tests::primary_action_guard_is_positive ... ok
test platform::tests::test_platform_integrity_gutters ... ok
test platform::tests::test_responsive_layout_compact_below_600 ... ok
test platform::tests::test_responsive_layout_standard_at_600 ... ok
test racing::tests::all_racers_finish_given_enough_ticks ... ok
test platform::tests::test_bottom_tab_labels_non_empty ... ok
test racing::tests::faster_racer_wins ... ok
test racing::tests::leaderboard_sorted_by_distance ... ok
test racing::tests::grass_speed_multiplier_is_1 ... ok
test racing::tests::terrain_at_start_is_grass ... ok
test racing::tests::total_dist_equals_lap_times_laps ... ok
test racing::tests::track_first_last_zone_is_grass ... ok
test racing::tests::water_slows_below_grass ... ok
test ui::f1b_loop_tests::test_f1b_01_recruit_sub_tab_initialization ... ok
test ui::f1b_loop_tests::test_f1b_02_recruit_slime_deducts_funds ... ok
test persistence::tests::test_corrupt_file_surfaces_error ... ok
test ui::f1b_loop_tests::test_f1b_11_radar_tab_bar_height_constant_exists ... ok
test ui::f1b_loop_tests::test_f1b_10_dismissing_aar_clears_pending_state ... ok
test ui::f1b_loop_tests::test_f1b_12_operator_detail_selection_wiring ... ok
test world_map::tests::available_nodes_excludes_occupied ... ok
test world_map::tests::available_nodes_excludes_crash_site ... ok
test world_map::tests::crash_site_is_node_0_void ... ok
test world_map::tests::culture_accent_all_cultures_covered ... ok
test world_map::tests::influence_summary_counts_all_nodes ... ok
test world_map::tests::map_has_19_nodes ... ok
test world_map::tests::ring1_nodes_have_high_influence ... ok
test world_map::tests::shepherd_requirement_label_non_empty ... ok
test world_map::tests::tick_factions_does_not_crash ... ok
test ui::f1b_loop_tests::test_f1b_03_stage_and_launch_mission ... ok
test ui::f1b_loop_tests::test_f1b_09_operator_level_up_triggers_system_log ... ok
test ui::f1b_loop_tests::test_f1b_04_deployment_resolves_and_creates_pending_aar ... ok
test ui::f1b_loop_tests::test_f1b_13_combat_log_truncation ... ok
test persistence::tests::test_save_then_load_roundtrip ... ok
test ui::f1b_loop_tests::test_f1b_07_resolving_aar_resets_slime_state_if_not_injured ... ok
test ui::f1b_loop_tests::test_f1b_06_aar_awards_xp_to_operator ... ok
test ui::f1b_loop_tests::test_f1b_08_log_entry_persisted_in_game_state ... ok
test ui::f1b_loop_tests::test_f1b_05_aar_contains_xp_gained ... ok

test result: ok. 163 passed; 0 failed; 0 ignored; 0 measured; 0 filtered out; finished in 0.03s

     Running unittests src\main.rs (target\debug\deps\operatorgame-a4bfb13fba804b6f.exe)

running 0 tests

test result: ok. 0 passed; 0 failed; 0 ignored; 0 measured; 0 filtered out; finished in 0.00s

     Running tests\g1_stability.rs (target\debug\deps\g1_stability-b8aaa787cf6af438.exe)

running 8 tests
test test_g1_anchor_10_level_scaling_preview ... ok
test test_g1_anchor_3_static_pool_size ... ok
test test_g1_anchor_5_success_chance_labels ... ok
test test_g1_anchor_4_tier_ranges ... ok
test test_g1_anchor_8_tier_coverage ... ok
test test_g1_anchor_6_upkeep_disabled ... ok
test test_g1_anchor_1_orphan_protection ... ok
test test_g1_anchor_2_orphan_reconstruction ... ok

test result: ok. 8 passed; 0 failed; 0 ignored; 0 measured; 0 filtered out; finished in 0.01s

     Running tests\geometry_integration.rs 
(target\debug\deps\geometry_integration-21b46d6ee51dced6.exe)

running 12 tests
test test_bounds_contains_edge_cases ... ok
test test_garden_click_selection_radius ... ok
test test_garden_tick_velocity ... ok
test test_bridge_point_conversions ... ok
test test_garden_friction_dampening ... ok
test test_bridge_bounds_conversions ... ok
test test_garden_bounds_clamping ... ok
test test_garden_spawn_logic ... ok
test test_garden_curiosity_seek ... ok
test test_garden_mood_derivation_from_stats ... ok
test test_point_math_normalization ... ok
test test_garden_shyness_flee ... ok

test result: ok. 12 passed; 0 failed; 0 ignored; 0 measured; 0 filtered out; finished in 0.00s

     Running tests\ui_layout.rs (target\debug\deps\ui_layout-02ae5fea8a657e10.exe)

running 24 tests
test test_column_rect_bounds ... ok
test test_responsive_layout_with_safe_area ... ok
test test_safe_area_margins_applied ... ok
test test_logs_sub_tab_default ... ok
test test_map_sub_tab_default ... ok
test test_missions_sub_tab_default ... ok
test test_missions_sub_tab_switch_quest_board ... ok
test test_moto_g_insets_hardcoded ... ok
test test_primary_action_y_max_calculation ... ok
test test_primary_action_guard_value ... ok
test test_roster_sub_tab_default ... ok
test test_roster_sub_tab_switch_breeding ... ok
test test_logs_sub_tab_switch_culture_history ... ok
test test_active_tab_persistence ... ok
test test_safe_area_orientation_agnostic ... ok
test test_safe_area_zero_insets_desktop ... ok
test test_bottom_tab_rect_calculation ... ok
test test_sub_tab_state_initialization_from_state ... ok
test test_sub_tab_persistence_deserialize ... ok
test test_sub_tabs_independent_per_main_tab ... ok
test test_tab_label_consistency ... ok
test test_sub_tab_persistence_serialize ... ok
test test_tab_bar_respects_left_right_insets ... ok
test test_tab_selection_state ... ok

test result: ok. 24 passed; 0 failed; 0 ignored; 0 measured; 0 filtered out; finished in 0.00s

     Running tests\ui_structure.rs (target\debug\deps\ui_structure-8151df12d8461bbd.exe)

running 5 tests
test test_all_tabs_reachable ... ok
test test_operator_app_initialization_defaults ... ok
test test_persistence_syncs_tab_state ... ok
test test_sub_tabs_independent_per_main_tab ... ok
test test_tab_switch_persists_state ... ok

test result: ok. 5 passed; 0 failed; 0 ignored; 0 measured; 0 filtered out; finished in 0.00s

   Doc-tests operator

running 3 tests
test src\platform.rs - platform::LayoutCalculator::new (line 97) ... ignored
test src\render\slime.rs - render::slime::draw_slime (line 296) ... ignored
test src\combat.rs - combat::culture_zone_mode (line 46) ... ok

test result: ok. 1 passed; 0 failed; 2 ignored; 0 measured; 0 filtered out; finished in 0.69s

